// Vitest Snapshot v1, https://vitest.dev/guide/snapshot.html

exports[`<FaqSection /> > should match snapshot 1`] = `
.c1 {
  position: relative;
  max-width: 125.6rem;
  display: -webkit-box;
  display: -webkit-flex;
  display: -ms-flexbox;
  display: flex;
  -webkit-box-pack: center;
  -webkit-justify-content: center;
  -ms-flex-pack: center;
  justify-content: center;
}

.c3 {
  font-size: 2rem;
  font-weight: 700;
  background: linear-gradient(225deg,#0048FE -50%,#851D86 100%);
  -webkit-background-clip: text;
  -webkit-text-fill-color: transparent;
}

.c2 {
  position: absolute;
  display: block;
  top: 50%;
  left: 0%;
  width: 30%;
  height: 3px;
  background: linear-gradient(225deg,#0048FE -70%,#851D86 100%);
  border-radius: 20px;
}

.c4 {
  position: absolute;
  display: block;
  top: 50%;
  right: 0%;
  width: 30%;
  height: 3px;
  background: linear-gradient(225deg,#0048FE 0%,#851D86 200%);
  border-radius: 20px;
}

.c0 {
  width: 100%;
  margin: 5.6rem 0;
  -webkit-scroll-margin-block-start: 150px;
  -moz-scroll-margin-block-start: 150px;
  -ms-scroll-margin-block-start: 150px;
  scroll-margin-block-start: 150px;
  -webkit-scroll-margin-block-end: 150px;
  -moz-scroll-margin-block-end: 150px;
  -ms-scroll-margin-block-end: 150px;
  scroll-margin-block-end: 150px;
}

.c5 {
  margin: 3.2rem auto 0;
  padding: 0;
}

@media (min-width:768px) {
  .c3 {
    font-size: 4rem;
  }
}

@media (min-width:320px) and (max-width:390px) {
  .c2 {
    width: 25%;
  }
}

@media (min-width:768px) {
  .c2 {
    width: calc(100% / 2 - 16.3rem);
    height: 5px;
  }
}

@media (min-width:320px) and (max-width:390px) {
  .c4 {
    width: 25%;
  }
}

@media (min-width:768px) {
  .c4 {
    width: calc(100% / 2 - 16.3rem);
    height: 5px;
  }
}

@media (min-width:768px) {
  .c0 {
    margin-top: 15.5rem;
  }
}

@media (min-width:768px) {
  .c5 {
    margin: 5.6rem auto 0;
  }
}

<div>
  <section
    class="c0"
    id="questions"
  >
    <div
      class="c1"
    >
      <div
        aria-label="Linha a esquerda do titulo"
        class="c2"
      />
      <h2
        class="c3"
      >
        DÃºvidas
      </h2>
      <div
        aria-label="Linha a direita do titulo"
        class="c4"
      />
    </div>
    <div
      class="c5"
    >
      <div
        data-testid="mock-questions-accordion"
      />
    </div>
  </section>
</div>
`;
