// Vitest Snapshot v1, https://vitest.dev/guide/snapshot.html

exports[`<Button /> > should match snapshot 1`] = `
.c1 {
  position: relative;
  display: -webkit-box;
  display: -webkit-flex;
  display: -ms-flexbox;
  display: flex;
  -webkit-box-pack: center;
  -webkit-justify-content: center;
  -ms-flex-pack: center;
  justify-content: center;
  -webkit-align-items: center;
  -webkit-box-align: center;
  -ms-flex-align: center;
  align-items: center;
  border: none;
  -webkit-text-decoration: none;
  text-decoration: none;
  cursor: pointer;
  border-radius: 5px;
  width: 100%;
  background: none;
  -webkit-transition: filter 0.3s ease-in-out;
  transition: filter 0.3s ease-in-out;
  box-shadow: 0px 4px 4px 0px rgba(0,0,0,0.25);
  overflow: hidden;
  height: auto;
}

.c1 span {
  color: #FFFFFF;
  font-size: 2.2rem;
  font-family: Poppins,apple-system,BlinkMacSystemFont,"Segoe UI",Roboto,Oxygen,Ubuntu,Cantarell,"Open Sans","Helvetica Neue",sans-serif;
  -webkit-letter-spacing: 1.5px;
  -moz-letter-spacing: 1.5px;
  -ms-letter-spacing: 1.5px;
  letter-spacing: 1.5px;
  font-weight: 700;
  z-index: 2;
}

.c1:disabled {
  opacity: 0.7;
  cursor: not-allowed;
}

.c1::before {
  content: '';
  position: absolute;
  top: 0;
  left: 0;
  width: 100%;
  height: 100%;
  border-radius: 5px;
  background: linear-gradient(225deg,#0048FE 0%,#851D86 100%);
  -webkit-transition: all 0.3s ease-in-out;
  transition: all 0.3s ease-in-out;
  z-index: 1;
}

@media (min-width:1024px) {
  .c1:hover:not(.c0:disabled) {
    border-right: 2px solid #0048FE;
    border-left: 2px solid #851D86;
    background-image: linear-gradient(to right,#851D86,#0048FE), linear-gradient(to right,#851D86,#0048FE);
    background-size: 100% 2px;
    background-position: 0 100%,0 0;
    background-repeat: no-repeat;
    background-clip: padding-box;
  }

  .c1:hover:not(.c0:disabled):hover {
    -webkit-filter: brightness(0.9);
    filter: brightness(0.9);
  }

  .c1:hover:not(.c0:disabled)::before {
    left: 100%;
  }
}

<div>
  <button
    class="c0 c1"
  >
    <span>
      Children
    </span>
  </button>
</div>
`;
