// Vitest Snapshot v1, https://vitest.dev/guide/snapshot.html

exports[`<RememberActionSection /> > should match snapshot 1`] = `
.c0 {
  display: -webkit-box;
  display: -webkit-flex;
  display: -ms-flexbox;
  display: flex;
  -webkit-box-pack: center;
  -webkit-justify-content: center;
  -ms-flex-pack: center;
  justify-content: center;
  margin-top: 1.3rem;
  padding: 8.5rem 1.6rem 5rem;
  width: 100%;
  height: 84.4rem;
}

@media (min-width:1400px) {
  .c0 {
    margin-top: 15.6rem;
    height: 53.9rem;
  }
}

<div>
  <div
    class="c0"
  >
    <div
      data-testid="mock-remember-action"
    />
  </div>
</div>
`;
