// Vitest Snapshot v1, https://vitest.dev/guide/snapshot.html

exports[`<MethodologyCards /> > should match snapshot 1`] = `
.c0 {
  display: -webkit-box;
  display: -webkit-flex;
  display: -ms-flexbox;
  display: flex;
  -webkit-flex-wrap: wrap;
  -ms-flex-wrap: wrap;
  flex-wrap: wrap;
  -webkit-box-pack: center;
  -webkit-justify-content: center;
  -ms-flex-pack: center;
  justify-content: center;
  -webkit-align-items: baseline;
  -webkit-box-align: baseline;
  -ms-flex-align: baseline;
  align-items: baseline;
  gap: 4rem;
}

.c1 {
  display: -webkit-box;
  display: -webkit-flex;
  display: -ms-flexbox;
  display: flex;
  -webkit-flex-direction: column;
  -ms-flex-direction: column;
  flex-direction: column;
  max-width: 34.1rem;
}

.c1 .c2 {
  color: #E2E2E2;
}

.c3 {
  display: -webkit-box;
  display: -webkit-flex;
  display: -ms-flexbox;
  display: flex;
  -webkit-box-pack: center;
  -webkit-justify-content: center;
  -ms-flex-pack: center;
  justify-content: center;
  -webkit-align-items: center;
  -webkit-box-align: center;
  -ms-flex-align: center;
  align-items: center;
  padding: 2rem 5.6rem;
  border-radius: 10px 10px 0 0;
  background: linear-gradient(225deg,#0048FE 0%,#851D86 100%);
  -webkit-transition: all 0.1s ease-in-out;
  transition: all 0.1s ease-in-out;
}

.c3 h3 {
  font-size: 2.4rem;
  font-weight: 700;
}

.c4 {
  display: -webkit-box;
  display: -webkit-flex;
  display: -ms-flexbox;
  display: flex;
  -webkit-box-pack: center;
  -webkit-justify-content: center;
  -ms-flex-pack: center;
  justify-content: center;
  padding: 1.6rem;
  border-radius: 0 0 10px 10px;
  background: linear-gradient( 225deg, rgba(0,72,254,0.1) 0%, rgba(133,29,134,0.1) 100% );
}

.c4 p {
  font-size: 1.6rem;
  color: #E2E2E2;
  line-height: 150%;
  text-align: center;
}

@media (min-width:768px) {
  .c0 {
    gap: 3.2rem;
  }
}

@media (min-width:1400px) {
  .c0 {
    -webkit-flex-wrap: nowrap;
    -ms-flex-wrap: nowrap;
    flex-wrap: nowrap;
  }
}

@media (min-width:768px) {
  .c1:hover {
    box-shadow: 0px 0px 60px 0px rgba(133,29,134,0.7);
  }

  .c1:hover .c2 {
    background: #FBFBFB;
    color: #282828;
  }
}

@media (min-width:1024px) {
  .c1 {
    max-width: 39.7rem;
  }
}

@media (min-width:1024px) {
  .c3 {
    padding: 4rem 9.2rem;
  }

  .c3 h3 {
    font-size: 3.2rem;
  }
}

@media (min-width:1024px) {
  .c4 {
    padding: 1.8rem;
  }

  .c4 p {
    font-size: 1.8rem;
  }
}

<div>
  <div
    class="c0"
  >
    <div
      class="c1"
    >
      <header
        class="c2 c3"
      >
        <h3>
          Ativa
        </h3>
      </header>
      <div
        class="c4"
      >
        <p>
          Metodologia ativa é uma abordagem educacional que coloca o aluno como protagonista, onde ele é o responsável por ir atrás dos conhecimentos necessários, ficando o professor como um mentor, que vai mostrar o caminho para que ele possa ter sucesso no aprendizado.
        </p>
      </div>
    </div>
    <div
      class="c1"
    >
      <header
        class="c2 c3"
      >
        <h3>
          Andragogia
        </h3>
      </header>
      <div
        class="c4"
      >
        <p>
          É uma metodologia de ensino para adultos, que tem mais liberdade e colaboração, permitindo que o aluno decida quando, como e o que estudar, tornando o processo de aprendizagem mais sólido e eficaz, a andragogia valoriza a autonomia e a experiência dos adultos como base para a aprendizagem 
        </p>
      </div>
    </div>
    <div
      class="c1"
    >
      <header
        class="c2 c3"
      >
        <h3>
          Ágeis
        </h3>
      </header>
      <div
        class="c4"
      >
        <p>
          A metodologia ágil é uma metodologia que estimula a colaboração entre o time, permitindo que tenha uma visão mais transparente, tendo liberdade para fazer escolhas e tomar decisões, também estimula a melhora continua entre os membros, processos e da qualidade geral do trabalho.
        </p>
      </div>
    </div>
  </div>
</div>
`;
